<html>
<body>
<pre>
<h1>µVision Build Log</h1>
<h2>Tool Versions:</h2>
IDE-Version: µVision V5.22.0.0
Copyright (C) 2016 ARM Ltd and ARM Germany GmbH. All rights reserved.
License Information: david tschager, technoalpin, LIC=----
 
Tool Versions:
Toolchain:       MDK-Lite  Version: 5.22
Toolchain Path:  C:\Keil_v5\ARM\ARMCC\Bin
C Compiler:      Armcc.exe V5.06 update 4 (build 422)
Assembler:       Armasm.exe V5.06 update 4 (build 422)
Linker/Locator:  ArmLink.exe V5.06 update 4 (build 422)
Library Manager: ArmAr.exe V5.06 update 4 (build 422)
Hex Converter:   FromElf.exe V5.06 update 4 (build 422)
CPU DLL:         SARMCM3.DLL V5.22
Dialog DLL:      DCM.DLL V1.13.9.0
Target DLL:      STLink\ST-LINKIII-KEIL_SWO.dll V2.0.18.0
Dialog DLL:      TCM.DLL V1.21.0.0
 
<h2>Project:</h2>
C:\Users\WendelinF\git-Test\VCU_Project3\MDK-ARM\VCU_Project3.uvprojx
Project File Date:  04/26/2017

<h2>Output:</h2>
*** Using Compiler 'V5.06 update 4 (build 422)', folder: 'C:\Keil_v5\ARM\ARMCC\Bin'
Rebuild target 'VCU_Project3'
assembling startup_stm32l433xx.s...
compiling system_stm32l4xx.c...
compiling crc.c...
compiling rng.c...
compiling stm32l4xx_it.c...
compiling quadspi.c...
compiling gpio.c...
compiling main.c...
../Src/main.c(69): warning:  #550-D: variable "dummyVariable"  was set but never used
    uint8_t dummyVariable[] = "VCU_Project3";
../Src/main.c: 1 warning, 0 errors
compiling stm32l4xx_hal_msp.c...
compiling stm32l4xx_hal_cortex.c...
compiling stm32l4xx_hal_crc_ex.c...
compiling stm32l4xx_hal_rcc.c...
compiling stm32l4xx_hal_flash_ramfunc.c...
compiling stm32l4xx_hal_qspi.c...
compiling stm32l4xx_hal_tim.c...
compiling stm32l4xx_hal_pwr_ex.c...
compiling stm32l4xx_hal_crc.c...
compiling stm32l4xx_hal_flash_ex.c...
compiling stm32l4xx_hal_flash.c...
compiling stm32l4xx_hal_rng.c...
compiling stm32l4xx_hal_rcc_ex.c...
compiling stm32l4xx_hal_tim_ex.c...
compiling stm32l4xx_hal_dma.c...
compiling stm32l4xx_hal_gpio.c...
compiling stm32l4xx_hal_pwr.c...
compiling stm32l4xx_hal_i2c_ex.c...
compiling stm32l4xx_hal.c...
compiling stm32l4xx_hal_i2c.c...
linking...
Program Size: Code=9168 RO-data=492 RW-data=8 ZI-data=1144  
"VCU_Project3\VCU_Project3.axf" - 0 Error(s), 1 Warning(s).

<h2>Software Packages used:</h2>

Package Vendor: ARM
                http://www.keil.com/pack/ARM.CMSIS.5.0.1.pack
                ARM::CMSIS:CORE:5.0.1
                CMSIS (Cortex Microcontroller Software Interface Standard)
   * Component: CORE Version: 5.0.1

<h2>Collection of Component include folders:</h2>
  C:\Users\WendelinF\git-Test\VCU_Project3\MDK-ARM\RTE\_VCU_Project3
  C:\Keil_v5\ARM\PACK\ARM\CMSIS\5.0.1\CMSIS\Include
  C:\Keil_v5\ARM\PACK\Keil\STM32L4xx_DFP\1.4.0\Device\Include

<h2>Collection of Component Files used:</h2>

   * Component: ARM::CMSIS:CORE:5.0.1
Build Time Elapsed:  00:02:39
</pre>
</body>
</html>
